There are no unused tarball(s) to remove.
There are no index cache(s) to remove.
There are no unused package(s) to remove.
There are no tempfile(s) to remove.
There are no logfile(s) to remove.
=========================================
Checking NumPy and FAISS installation
=========================================
Current NumPy version: 1.26.4
NumPy version is compatible with FAISS
Removing any existing FAISS installations...
Found existing installation: faiss-gpu 1.7.2
Uninstalling faiss-gpu-1.7.2:
  Successfully uninstalled faiss-gpu-1.7.2
Installing faiss-gpu (force reinstall)...
Collecting faiss-gpu
  Downloading faiss_gpu-1.7.2-cp310-cp310-manylinux_2_17_x86_64.manylinux2014_x86_64.whl.metadata (1.4 kB)
Downloading faiss_gpu-1.7.2-cp310-cp310-manylinux_2_17_x86_64.manylinux2014_x86_64.whl (85.5 MB)
   ━━━━━━━━━━━━━━━━━━━━━━━━━━━━━━━━━━━━━━━━ 85.5/85.5 MB 125.1 MB/s  0:00:00
Installing collected packages: faiss-gpu
Successfully installed faiss-gpu-1.7.2
faiss-gpu installed successfully
Name: faiss-gpu
Version: 1.7.2
Summary: A library for efficient similarity search and clustering of dense vectors.
Home-page: https://github.com/kyamagu/faiss-wheels
Author: Kota Yamaguchi
Author-email: KotaYamaguchi1984@gmail.com
License: MIT
Location: /gpfs/home4/scur1900/.conda/envs/verlenv/lib/python3.10/site-packages
Requires: 
Required-by: 
=========================================
Verifying FAISS installation
=========================================
FAISS module location: /home/scur1900/.conda/envs/verlenv/lib/python3.10/site-packages/faiss/__init__.py
FAISS version: 1.7.2
Has read_index: True
Has StandardGpuResources: True
Available FAISS attributes: ['AdditiveCoarseQuantizer', 'AdditiveQuantizer', 'AlignedTableFloat32', 'AlignedTableFloat32_round_capacity', 'AlignedTableUint16', 'AlignedTableUint16_round_capacity', 'AlignedTableUint8', 'AlignedTableUint8_round_capacity', 'AlignedTable_to_array', 'AllocInfo', 'AllocRequest', 'ArrayInvertedLists', 'AutoTuneCriterion', 'BitstringReader', 'BitstringWriter', 'BlockInvertedLists', 'BufferList', 'BufferedIOReader', 'BufferedIOWriter', 'ByteVector']
=========================================
FAISS installation complete
=========================================
Testing BM25 retrieval system
Dataset: /home/scur1900/scratch_shared/msmarco
K: 10
================================================================================
Loaded 6980 queries
Loaded 8841823 documents
Loaded 6980 qrels
BM25 index: /home/scur1900/scratch_shared/msmarco/bm25_index/index
ID mapping: /home/scur1900/scratch_shared/msmarco/bm25_index/id_mapping.pkl
Loading ID mapping: /home/scur1900/scratch_shared/msmarco/bm25_index/id_mapping.pkl
Loaded 8841823 document IDs
Loading BM25 index: /home/scur1900/scratch_shared/msmarco/bm25_index/index
BM25 parameters: k1=0.9, b=0.4
Index size: 8841823 documents
Number of search threads: 32
BM25 Retriever ready!


================================================================================
Testing retrieval and reward computation
================================================================================
Testing on 6980 queries
Searched 128/6980 queries
Searched 256/6980 queries
Searched 384/6980 queries
Searched 512/6980 queries
Searched 640/6980 queries
Searched 768/6980 queries
Searched 896/6980 queries
Searched 1024/6980 queries
Searched 1152/6980 queries
Searched 1280/6980 queries
Searched 1408/6980 queries
Searched 1536/6980 queries
Searched 1664/6980 queries
Searched 1792/6980 queries
Searched 1920/6980 queries
Searched 2048/6980 queries
Searched 2176/6980 queries
Searched 2304/6980 queries
Searched 2432/6980 queries
Searched 2560/6980 queries
Searched 2688/6980 queries
Searched 2816/6980 queries
Searched 2944/6980 queries
Searched 3072/6980 queries
Searched 3200/6980 queries
Searched 3328/6980 queries
Searched 3456/6980 queries
Searched 3584/6980 queries
Searched 3712/6980 queries
Searched 3840/6980 queries
Searched 3968/6980 queries
Searched 4096/6980 queries
Searched 4224/6980 queries
Searched 4352/6980 queries
Searched 4480/6980 queries
Searched 4608/6980 queries
Searched 4736/6980 queries
Searched 4864/6980 queries
Searched 4992/6980 queries
Searched 5120/6980 queries
Searched 5248/6980 queries
Searched 5376/6980 queries
Searched 5504/6980 queries
Searched 5632/6980 queries
Searched 5760/6980 queries
Searched 5888/6980 queries
Searched 6016/6980 queries
Searched 6144/6980 queries
Searched 6272/6980 queries
Searched 6400/6980 queries
Searched 6528/6980 queries
Searched 6656/6980 queries
Searched 6784/6980 queries
Searched 6912/6980 queries
Searched 6980/6980 queries
Search took 17.7312 seconds

Results for 6980 queries:
--------------------------------------------------------------------------------

================================================================================
Summary Statistics
================================================================================
Mean NDCG@10:      0.2284
Mean Recall@10:    0.3787
Mean Precision@10: 0.0394
Mean Hit@10:       0.3855
================================================================================
