============================================================================================== 
Warning! Mixing Conda and module environments may lead to corruption of the
user environment. 
We do not recommend users mixing those two environments unless absolutely
necessary. Note that 
SURF does not provide any support for Conda environment.
For more information, please refer to our software policy page:
https://servicedesk.surf.nl/wiki/display/WIKI/Software+policy+Snellius#SoftwarepolicySnellius-UseofAnacondaandMinicondaenvironmentsonSnellius 

Remember that many packages have already been installed on the system and can
be loaded using 
the 'module load <package__name>' command. If you are uncertain if a package is
already available 
on the system, please use 'module avail' or 'module spider' to search for it.
============================================================================================== 
/home/scur1900/.conda/envs/verlenv/lib/python3.10/site-packages/torch/cuda/__init__.py:61: FutureWarning: The pynvml package is deprecated. Please install nvidia-ml-py instead. If you did not install pynvml directly, please report this to the maintainers of the package that installed pynvml for you.
  import pynvml  # type: ignore[import]
WARNING:2025-12-14 21:25:20,954:Skipping import of cpp extensions due to incompatible torch version 2.6.0+cu124 for torchao version 0.14.1             Please see https://github.com/pytorch/ao/issues/2919 for more info
/home/scur1900/.conda/envs/verlenv/lib/python3.10/site-packages/torch/cuda/__init__.py:61: FutureWarning: The pynvml package is deprecated. Please install nvidia-ml-py instead. If you did not install pynvml directly, please report this to the maintainers of the package that installed pynvml for you.
  import pynvml  # type: ignore[import]
WARNING: Using incubator modules: jdk.incubator.vector
  0%|          | 0/57638 [00:00<?, ?it/s] 34%|███▎      | 19378/57638 [00:00<00:00, 193757.55it/s] 67%|██████▋   | 38754/57638 [00:00<00:00, 192697.33it/s]100%|██████████| 57638/57638 [00:00<00:00, 192328.30it/s]
Dec 14, 2025 9:25:26 PM org.apache.lucene.store.MemorySegmentIndexInputProvider <init>
INFO: Using MemorySegmentIndexInput with Java 21; to disable start with -Dorg.apache.lucene.store.MMapDirectory.enableMemorySegments=false
